// Jest Snapshot v1, https://goo.gl/fbAQLP

exports[`Customer page snapshot 1`] = `
Array [
  <nav
    aria-label="breadcrumb"
    className="sc-fzoyTs hTkPiz"
  >
    <ol
      className="breadcrumb"
    >
      <li
        aria-current="page"
        className="breadcrumb-item sc-fzoNJl iXhcmk active"
      >
        Customer List
      </li>
    </ol>
  </nav>,
  <div
    className="sc-fznWOq jOfCeA"
  >
    <div
      className="sc-fznJRM fzFSIN"
    >
      <form
        className="sc-fzqARJ iQINDi"
        noValidate={true}
        onSubmit={[Function]}
      >
        <div
          className="sc-fzoiQi hxnkcZ row"
        >
          <div
            className="sc-AxmLO hptgnX col-md-2 col-sm-4 col-6"
          >
            <div
              className="sc-fzoLsD gtgWOI"
            >
              <div
                className="sc-fznKkj eAhfEK"
              >
                <div
                  aria-controls="picky__button"
                  aria-owns=""
                  className="picky "
                  id="picky"
                  role="combobox"
                  tabIndex={0}
                >
                  <button
                    className="picky__input  "
                    data-testid="picky-input"
                    disabled={false}
                    id="picky__button__button"
                    onClick={[Function]}
                    type="button"
                  >
                    <span
                      className="picky__placeholder"
                      data-testid="picky_placeholder"
                    >
                      State
                    </span>
                  </button>
                  <div
                    aria-hidden={true}
                    className="picky__dropdown"
                    hidden={true}
                    id="picky-list"
                    style={
                      Object {
                        "visibility": "hidden",
                      }
                    }
                  />
                </div>
              </div>
            </div>
          </div>
          <div
            className="sc-AxmLO hptgnX col-md-2 col-sm-4 col-6"
          >
            <div
              className="sc-fzoLsD gtgWOI"
            >
              <div
                className="sc-fznKkj eAhfEK"
              >
                <div
                  aria-controls="picky__button"
                  aria-owns=""
                  className="picky "
                  id="picky"
                  role="combobox"
                  tabIndex={0}
                >
                  <button
                    className="picky__input  "
                    data-testid="picky-input"
                    disabled={false}
                    id="picky__button__button"
                    onClick={[Function]}
                    type="button"
                  >
                    <span
                      className="picky__placeholder"
                      data-testid="picky_placeholder"
                    >
                      City
                    </span>
                  </button>
                  <div
                    aria-hidden={true}
                    className="picky__dropdown"
                    hidden={true}
                    id="picky-list"
                    style={
                      Object {
                        "visibility": "hidden",
                      }
                    }
                  />
                </div>
              </div>
            </div>
          </div>
          <div
            className="sc-AxmLO hptgnX col-md-2 col-sm-4 col-6"
          >
            <div
              className="sc-fzoLsD gtgWOI"
            >
              <div
                className="sc-fznyAO kpOryC"
              >
                <input
                  className="form-control"
                  disabled={false}
                  name="zip_code"
                  onChange={[Function]}
                  placeholder="Zip Code"
                  type="text"
                />
              </div>
            </div>
          </div>
          <div
            className="sc-AxmLO hptgnX col-md-2 col-sm-4 col-6"
          >
            <div
              className="sc-fzoLsD gtgWOI"
            >
              <div
                className="sc-fznKkj eAhfEK"
              >
                <div
                  aria-controls="picky__button"
                  aria-owns=""
                  className="picky "
                  id="picky"
                  role="combobox"
                  tabIndex={0}
                >
                  <button
                    className="picky__input  "
                    data-testid="picky-input"
                    disabled={false}
                    id="picky__button__button"
                    onClick={[Function]}
                    type="button"
                  >
                    <span
                      className="picky__placeholder"
                      data-testid="picky_placeholder"
                    >
                      Meal Plans
                    </span>
                  </button>
                  <div
                    aria-hidden={true}
                    className="picky__dropdown"
                    hidden={true}
                    id="picky-list"
                    style={
                      Object {
                        "visibility": "hidden",
                      }
                    }
                  />
                </div>
              </div>
            </div>
          </div>
          <div
            className="sc-AxmLO hptgnX col-md-2 col-sm-4 col-6"
          >
            <div
              className="sc-fzoLsD gtgWOI"
            >
              <div
                className="sc-fznyAO kpOryC"
              >
                <input
                  className="form-control"
                  disabled={false}
                  name="customer_id"
                  onChange={[Function]}
                  placeholder="Customer ID"
                  type="text"
                />
              </div>
            </div>
          </div>
        </div>
      </form>
    </div>
  </div>,
  <div
    className="table-responsive"
  >
    <table
      className="sc-AxjAm bLuHfC table table-sm table-hover"
    >
      <thead
        className="sc-AxirZ faxrkr"
      >
        <tr>
          <th>
            Customer ID
          </th>
          <th>
            State
          </th>
          <th>
            City
          </th>
          <th>
            Zip Code
          </th>
          <th>
            Meal Plan
          </th>
          <th>
            Status
          </th>
        </tr>
      </thead>
      <tbody>
        <tr>
          <td>
            <a
              className="sc-fzpmMD hllTgD"
              onClick={[Function]}
            >
              syedikram@gmail.com
            </a>
          </td>
          <td>
            Illinios
          </td>
          <td>
            Chicago
          </td>
          <td>
            10143
          </td>
          <td>
            2 Person - 4 Days
          </td>
          <td>
            <div
              className="sc-fznMAR ebGfYL Active"
            >
              Active
            </div>
          </td>
        </tr>
      </tbody>
    </table>
  </div>,
  <ul
    className="sc-AxiKw jYlDEb pagination"
  >
    <li
      className="sc-AxhUy kMyssT page-item disabled"
    >
      <span
        className="page-link"
        disabled={true}
        onClick={[Function]}
      >
        <span
          aria-hidden="true"
        >
          «
        </span>
        <span
          className="sr-only"
        >
          First
        </span>
      </span>
    </li>
    <li
      className="sc-AxgMl fFPQpl page-item disabled"
    >
      <span
        className="page-link"
        disabled={true}
        onClick={[Function]}
      >
        <span
          aria-hidden="true"
        >
          ‹
        </span>
        <span
          className="sr-only"
        >
          Previous
        </span>
      </span>
    </li>
    <li
      className="sc-AxhCb Mnpyx page-item active"
    >
      <span
        className="page-link"
        disabled={false}
      >
        1
        <span
          className="sr-only"
        >
          (current)
        </span>
      </span>
    </li>
    <li
      className="sc-AxhCb Mnpyx page-item"
    >
      <a
        className="page-link"
        href="#"
        onClick={[Function]}
        onKeyDown={[Function]}
        role="button"
      >
        2
      </a>
    </li>
    <li
      className="sc-AxheI fniENP page-item"
    >
      <a
        className="page-link"
        href="#"
        onClick={[Function]}
        onKeyDown={[Function]}
        role="button"
      >
        <span
          aria-hidden="true"
        >
          ›
        </span>
        <span
          className="sr-only"
        >
          Next
        </span>
      </a>
    </li>
    <li
      className="sc-Axmtr hBVTto page-item"
    >
      <a
        className="page-link"
        href="#"
        onClick={[Function]}
        onKeyDown={[Function]}
        role="button"
      >
        <span
          aria-hidden="true"
        >
          »
        </span>
        <span
          className="sr-only"
        >
          Last
        </span>
      </a>
    </li>
  </ul>,
]
`;
