// Jest Snapshot v1, https://goo.gl/fbAQLP

exports[`Product page snapshot 1`] = `
Array [
  <nav
    aria-label="breadcrumb"
    className="sc-AxjAm bDgGwJ"
  >
    <ol
      className="breadcrumb"
    >
      <li
        aria-current="page"
        className="breadcrumb-item sc-AxirZ eZnJwX active"
      >
        Products
      </li>
    </ol>
  </nav>,
  <div
    className="sc-fzoKki cmfYEZ"
  >
    <div
      className="sc-fzoiQi jkvegY"
    >
      <form
        className="sc-fzoyTs crHzLr"
        noValidate={true}
        onSubmit={[Function]}
      >
        <div
          className="sc-fzqNqU fbPvyo row"
        >
          <div
            className="sc-fzoLsD iFBWyk col-md-2 col-sm-4 col-6"
          >
            <div
              className="sc-fzplWN QOzlh"
            >
              <div
                className="sc-fzokOt dPfWvZ"
              >
                <div
                  aria-controls="picky__button"
                  aria-owns=""
                  className="picky "
                  id="picky"
                  role="combobox"
                  tabIndex={0}
                >
                  <button
                    className="picky__input  "
                    data-testid="picky-input"
                    disabled={false}
                    id="picky__button__button"
                    onClick={[Function]}
                    type="button"
                  >
                    <span
                      className="picky__placeholder"
                      data-testid="picky_placeholder"
                    >
                      Days
                    </span>
                  </button>
                  <div
                    aria-hidden={true}
                    className="picky__dropdown"
                    hidden={true}
                    id="picky-list"
                    style={
                      Object {
                        "visibility": "hidden",
                      }
                    }
                  />
                </div>
              </div>
            </div>
          </div>
          <div
            className="sc-fzoLsD iFBWyk col-md-2 col-sm-4 col-6"
          >
            <div
              className="sc-fzplWN QOzlh"
            >
              <div
                className="sc-fzokOt dPfWvZ"
              >
                <div
                  aria-controls="picky__button"
                  aria-owns=""
                  className="picky "
                  id="picky"
                  role="combobox"
                  tabIndex={0}
                >
                  <button
                    className="picky__input  "
                    data-testid="picky-input"
                    disabled={false}
                    id="picky__button__button"
                    onClick={[Function]}
                    type="button"
                  >
                    <span
                      className="picky__placeholder"
                      data-testid="picky_placeholder"
                    >
                      Kitchen
                    </span>
                  </button>
                  <div
                    aria-hidden={true}
                    className="picky__dropdown"
                    hidden={true}
                    id="picky-list"
                    style={
                      Object {
                        "visibility": "hidden",
                      }
                    }
                  />
                </div>
              </div>
            </div>
          </div>
          <div
            className="sc-fzoLsD iFBWyk col-md-2 col-sm-4 col-6"
          >
            <div
              className="sc-fzplWN QOzlh"
            >
              <div
                className="sc-fzokOt dPfWvZ"
              >
                <div
                  aria-controls="picky__button"
                  aria-owns=""
                  className="picky "
                  id="picky"
                  role="combobox"
                  tabIndex={0}
                >
                  <button
                    className="picky__input  "
                    data-testid="picky-input"
                    disabled={false}
                    id="picky__button__button"
                    onClick={[Function]}
                    type="button"
                  >
                    <span
                      className="picky__placeholder"
                      data-testid="picky_placeholder"
                    >
                      Item Type
                    </span>
                  </button>
                  <div
                    aria-hidden={true}
                    className="picky__dropdown"
                    hidden={true}
                    id="picky-list"
                    style={
                      Object {
                        "visibility": "hidden",
                      }
                    }
                  />
                </div>
              </div>
            </div>
          </div>
          <div
            className="sc-fzoLsD iFBWyk col-md-2 col-sm-4 col-6"
          >
            <div
              className="sc-fzplWN QOzlh"
            >
              <div
                className="sc-fznZeY jsiuof"
              >
                <input
                  className="form-control"
                  disabled={false}
                  name="item_name"
                  onChange={[Function]}
                  placeholder="Item Name"
                  type="text"
                />
              </div>
            </div>
          </div>
        </div>
      </form>
    </div>
    <button
      className="sc-fznWqX etyacc submit sc-fzoYkl efKXwK add-product btn btn-primary"
      disabled={false}
      onClick={[Function]}
      type="button"
    >
      + Product
    </button>
  </div>,
  <div
    className="table-responsive"
  >
    <table
      className="sc-AxiKw hueTmd table table-sm table-hover"
    >
      <thead
        className="sc-AxhCb dVgbtv"
      >
        <tr>
          <th>
            Item Name
          </th>
          <th>
            Item Type
          </th>
          <th>
            Kitchen Name
          </th>
          <th>
            City
          </th>
          <th>
            Zip Code
          </th>
          <th>
            Serving Days
          </th>
          <th>
            Status
          </th>
        </tr>
      </thead>
      <tbody>
        <tr>
          <td>
            <div
              className="sc-fzpmMD bbSsAc"
            >
              <div
                className="sc-fznMAR bVrPCe"
              />
               
              <a
                className="sc-fznxKY bSXmNj"
              >
                Chicken Biryani Chicken
              </a>
            </div>
          </td>
          <td>
            Main Course
          </td>
          <td>
            Syed Kitchen 5511
          </td>
          <td>
            Chicago
          </td>
          <td>
            60078
          </td>
          <td>
            <a
              className="sc-fznxKY bSXmNj"
              onClick={[Function]}
            >
              Sun, Mon, Tue
            </a>
          </td>
          <td>
            <div
              className="sc-fznWOq llVvpU Active"
            >
              Active
            </div>
          </td>
        </tr>
        <tr>
          <td>
            <div
              className="sc-fzpmMD bbSsAc"
            >
              <div
                className="sc-fznMAR bVrPCe"
              />
               
              <a
                className="sc-fznxKY bSXmNj"
              >
                Chicken Biryani Chicken
              </a>
            </div>
          </td>
          <td>
            Main Course
          </td>
          <td>
            Syed Kitchen 5511
          </td>
          <td>
            Chicago
          </td>
          <td>
            60078
          </td>
          <td>
            <a
              className="sc-fznxKY bSXmNj"
              onClick={[Function]}
            >
              Sun, Mon, Tue
            </a>
          </td>
          <td>
            <div
              className="sc-fznWOq llVvpU Inactive"
            >
              Inactive
            </div>
          </td>
        </tr>
      </tbody>
    </table>
  </div>,
  <ul
    className="sc-AxhUy iwjpuy pagination"
  >
    <li
      className="sc-AxheI fniENP page-item disabled"
    >
      <span
        className="page-link"
        disabled={true}
        onClick={[Function]}
      >
        <span
          aria-hidden="true"
        >
          «
        </span>
        <span
          className="sr-only"
        >
          First
        </span>
      </span>
    </li>
    <li
      className="sc-Axmtr hBVTto page-item disabled"
    >
      <span
        className="page-link"
        disabled={true}
        onClick={[Function]}
      >
        <span
          aria-hidden="true"
        >
          ‹
        </span>
        <span
          className="sr-only"
        >
          Previous
        </span>
      </span>
    </li>
    <li
      className="sc-AxgMl kDEWZS page-item active"
    >
      <span
        className="page-link"
        disabled={false}
      >
        1
        <span
          className="sr-only"
        >
          (current)
        </span>
      </span>
    </li>
    <li
      className="sc-AxgMl kDEWZS page-item"
    >
      <a
        className="page-link"
        href="#"
        onClick={[Function]}
        onKeyDown={[Function]}
        role="button"
      >
        2
      </a>
    </li>
    <li
      className="sc-AxmLO cAKCgh page-item"
    >
      <a
        className="page-link"
        href="#"
        onClick={[Function]}
        onKeyDown={[Function]}
        role="button"
      >
        <span
          aria-hidden="true"
        >
          ›
        </span>
        <span
          className="sr-only"
        >
          Next
        </span>
      </a>
    </li>
    <li
      className="sc-fzozJi jxgYyc page-item"
    >
      <a
        className="page-link"
        href="#"
        onClick={[Function]}
        onKeyDown={[Function]}
        role="button"
      >
        <span
          aria-hidden="true"
        >
          »
        </span>
        <span
          className="sr-only"
        >
          Last
        </span>
      </a>
    </li>
  </ul>,
]
`;
